/opt/miniconda/envs/softgym/bin/cmake -S/workspace/softgym/PyFlex/bindings -B/workspace/softgym/PyFlex/bindings/build --check-build-system CMakeFiles/Makefile.cmake 0
/opt/miniconda/envs/softgym/bin/cmake -E cmake_progress_start /workspace/softgym/PyFlex/bindings/build/CMakeFiles /workspace/softgym/PyFlex/bindings/build//CMakeFiles/progress.marks
make  -f CMakeFiles/Makefile2 all
make[1]: Entering directory '/workspace/softgym/PyFlex/bindings/build'
make  -f CMakeFiles/pyflex.dir/build.make CMakeFiles/pyflex.dir/depend
make[2]: Entering directory '/workspace/softgym/PyFlex/bindings/build'
cd /workspace/softgym/PyFlex/bindings/build && /opt/miniconda/envs/softgym/bin/cmake -E cmake_depends "Unix Makefiles" /workspace/softgym/PyFlex/bindings /workspace/softgym/PyFlex/bindings /workspace/softgym/PyFlex/bindings/build /workspace/softgym/PyFlex/bindings/build /workspace/softgym/PyFlex/bindings/build/CMakeFiles/pyflex.dir/DependInfo.cmake --color=
make[2]: Leaving directory '/workspace/softgym/PyFlex/bindings/build'
make  -f CMakeFiles/pyflex.dir/build.make CMakeFiles/pyflex.dir/build
make[2]: Entering directory '/workspace/softgym/PyFlex/bindings/build'
[  5%] Building CXX object CMakeFiles/pyflex.dir/pyflex.cpp.o
/usr/bin/g++ -Dpyflex_EXPORTS -I/workspace/softgym/PyFlex -I/workspace/softgym/PyFlex/lib/linux64 -I/workspace/softgym/PyFlex/bindings -I/workspace/softgym/PyFlex/external/SDL2-2.0.4/lib/x64 -isystem /home/ldt530/miniconda/envs/softgym/lib/python3.8/site-packages/pybind11/include -isystem /home/ldt530/miniconda/envs/softgym/include/python3.8 -fvisibility-inlines-hidden -std=c++17 -fmessage-length=0 -march=nocona -mtune=haswell -ftree-vectorize -fPIC -fstack-protector-strong -fno-plt -O2 -ffunction-sections -pipe -isystem /home/ldt530/miniconda/envs/softgym/include  -I/home/ldt530/miniconda/envs/softgym/targets/x86_64-linux/include  -L/home/ldt530/miniconda/envs/softgym/targets/x86_64-linux/lib -L/home/ldt530/miniconda/envs/softgym/targets/x86_64-linux/lib/stubs -g -MMD -m64 -Wall -std=c++0x -D_FORCE_INLINES -fPIC -fpermissive -fno-strict-aliasing -O3 -fPIC -fvisibility=hidden -flto -fno-fat-lto-objects -MD -MT CMakeFiles/pyflex.dir/pyflex.cpp.o -MF CMakeFiles/pyflex.dir/pyflex.cpp.o.d -o CMakeFiles/pyflex.dir/pyflex.cpp.o -c /workspace/softgym/PyFlex/bindings/pyflex.cpp
In file included from /workspace/softgym/PyFlex/bindings/pyflex.cpp:1:0:
/workspace/softgym/PyFlex/bindings/main.cpp: In function 'int GetKeyFromGameControllerButton(SDL_GameControllerButton)':
/workspace/softgym/PyFlex/bindings/main.cpp:84:9: warning: case value '17' not in enumerated type 'SDL_GameControllerButton' [-Wswitch]
         case SDL_CONTROLLER_BUTTON_RIGHT_TRIGGER: {
         ^~~~
In file included from /workspace/softgym/PyFlex/bindings/scenes.h:31:0,
                 from /workspace/softgym/PyFlex/bindings/main.cpp:590,
                 from /workspace/softgym/PyFlex/bindings/pyflex.cpp:1:
/workspace/softgym/PyFlex/bindings/softgym_scenes/softgym_cloth.h: In member function 'virtual void SoftgymCloth::Initialize(pybind11::array_t<float>, int)':
/workspace/softgym/PyFlex/bindings/softgym_scenes/softgym_cloth.h:70:14: warning: unused variable 'size' [-Wunused-variable]
          int size = g_buffers->triangles.size();
              ^~~~
In file included from /workspace/softgym/PyFlex/bindings/scenes.h:32:0,
                 from /workspace/softgym/PyFlex/bindings/main.cpp:590,
                 from /workspace/softgym/PyFlex/bindings/pyflex.cpp:1:
/workspace/softgym/PyFlex/bindings/softgym_scenes/softgym_fluid.h: In member function 'virtual void SoftgymFluid::Initialize(pybind11::array_t<float>, int)':
/workspace/softgym/PyFlex/bindings/softgym_scenes/softgym_fluid.h:43:9: warning: unused variable 'surfaceTension' [-Wunused-variable]
   float surfaceTension = ptr[4];
         ^~~~~~~~~~~~~~
/workspace/softgym/PyFlex/bindings/softgym_scenes/softgym_fluid.h:44:9: warning: unused variable 'adhesion' [-Wunused-variable]
   float adhesion = ptr[5];
         ^~~~~~~~
In file included from /workspace/softgym/PyFlex/bindings/scenes.h:33:0,
                 from /workspace/softgym/PyFlex/bindings/main.cpp:590,
                 from /workspace/softgym/PyFlex/bindings/pyflex.cpp:1:
/workspace/softgym/PyFlex/bindings/softgym_scenes/softgym_softbody.h: In member function 'void SoftgymSoftBody::CreateSoftBody(SoftgymSoftBody::Instance, int)':
/workspace/softgym/PyFlex/bindings/softgym_scenes/softgym_softbody.h:202:10: warning: unused variable 'createStart' [-Wunused-variable]
   double createStart = GetSeconds();
          ^~~~~~~~~~~
/workspace/softgym/PyFlex/bindings/softgym_scenes/softgym_softbody.h:222:10: warning: unused variable 'createEnd' [-Wunused-variable]
   double createEnd = GetSeconds();
          ^~~~~~~~~
/workspace/softgym/PyFlex/bindings/softgym_scenes/softgym_softbody.h:233:10: warning: unused variable 'skinStart' [-Wunused-variable]
   double skinStart = GetSeconds();
          ^~~~~~~~~
/workspace/softgym/PyFlex/bindings/softgym_scenes/softgym_softbody.h:245:10: warning: unused variable 'skinEnd' [-Wunused-variable]
   double skinEnd = GetSeconds();
          ^~~~~~~
In file included from /workspace/softgym/PyFlex/bindings/scenes.h:34:0,
                 from /workspace/softgym/PyFlex/bindings/main.cpp:590,
                 from /workspace/softgym/PyFlex/bindings/pyflex.cpp:1:
/workspace/softgym/PyFlex/bindings/softgym_scenes/softgym_rigid_cloth.h: In member function 'virtual void SoftgymRigidCloth::Initialize(pybind11::array_t<float>, int)':
/workspace/softgym/PyFlex/bindings/softgym_scenes/softgym_rigid_cloth.h:79:60: warning: comparison between signed and unsigned integer expressions [-Wsign-compare]
             for (int i=int(g_mesh->GetNumVertices()*0.5); i<g_mesh->GetNumVertices(); ++i)
                                                           ~^~~~~~~~~~~~~~~~~~~~~~~~~
/workspace/softgym/PyFlex/bindings/softgym_scenes/softgym_rigid_cloth.h:65:26: warning: unused variable 'colors' [-Wunused-variable]
             const Colour colors[7] =
                          ^~~~~~
In file included from /workspace/softgym/PyFlex/bindings/scenes.h:82:0,
                 from /workspace/softgym/PyFlex/bindings/main.cpp:590,
                 from /workspace/softgym/PyFlex/bindings/pyflex.cpp:1:
/workspace/softgym/PyFlex/bindings/scenes/shapechannels.h: In member function 'void ShapeChannels::Initialize()':
/workspace/softgym/PyFlex/bindings/scenes/shapechannels.h:26:108: warning: '<<' in boolean context, did you mean '<' ? [-Wint-in-bool-context]
    AddBox(Vec3(0.5f, 0.1f, 0.5f), Vec3(0.0f, 0.5f + i*0.5f, 0.0f), Quat(), false, eNvFlexPhaseShapeChannel0<<i);
                                                                                   ~~~~~~~~~~~~~~~~~~~~~~~~~^~~
In file included from /workspace/softgym/PyFlex/bindings/scenes.h:92:0,
                 from /workspace/softgym/PyFlex/bindings/main.cpp:590,
                 from /workspace/softgym/PyFlex/bindings/pyflex.cpp:1:
/workspace/softgym/PyFlex/bindings/softgym_scenes/softgym_garment.h: In member function 'virtual void SoftgymGarment::Initialize(pybind11::array_t<float>, int)':
/workspace/softgym/PyFlex/bindings/softgym_scenes/softgym_garment.h:338:9: warning: unused variable 'bendStiffness' [-Wunused-variable]
   float bendStiffness = ptr[9];
         ^~~~~~~~~~~~~
/workspace/softgym/PyFlex/bindings/softgym_scenes/softgym_garment.h:339:9: warning: unused variable 'shearStiffness' [-Wunused-variable]
   float shearStiffness = ptr[10];
         ^~~~~~~~~~~~~~
In file included from /usr/include/c++/7/cassert:44:0,
                 from /workspace/softgym/PyFlex/core/quat.h:30,
                 from /workspace/softgym/PyFlex/core/maths.h:241,
                 from /workspace/softgym/PyFlex/bindings/main.cpp:17,
                 from /workspace/softgym/PyFlex/bindings/pyflex.cpp:1:
/workspace/softgym/PyFlex/bindings/customisedAPI.h: In function 'std::pair<int, int> pyflex_add_cloth_mesh(pybind11::array_t<float>, pybind11::array_t<float>, pybind11::array_t<int>, pybind11::array_t<int>, pybind11::array_t<int>, pybind11::array_t<int>, pybind11::array_t<float>, pybind11::array_t<float>, float)':
/workspace/softgym/PyFlex/bindings/customisedAPI.h:174:36: warning: comparison between signed and unsigned integer expressions [-Wsign-compare]
     assert((bool)(uvs_buf.shape[0] == num_verts));
[ 10%] Building CXX object CMakeFiles/pyflex.dir/imgui.cpp.o
/usr/bin/g++ -Dpyflex_EXPORTS -I/workspace/softgym/PyFlex -I/workspace/softgym/PyFlex/lib/linux64 -I/workspace/softgym/PyFlex/bindings -I/workspace/softgym/PyFlex/external/SDL2-2.0.4/lib/x64 -isystem /home/ldt530/miniconda/envs/softgym/lib/python3.8/site-packages/pybind11/include -isystem /home/ldt530/miniconda/envs/softgym/include/python3.8 -fvisibility-inlines-hidden -std=c++17 -fmessage-length=0 -march=nocona -mtune=haswell -ftree-vectorize -fPIC -fstack-protector-strong -fno-plt -O2 -ffunction-sections -pipe -isystem /home/ldt530/miniconda/envs/softgym/include  -I/home/ldt530/miniconda/envs/softgym/targets/x86_64-linux/include  -L/home/ldt530/miniconda/envs/softgym/targets/x86_64-linux/lib -L/home/ldt530/miniconda/envs/softgym/targets/x86_64-linux/lib/stubs -g -MMD -m64 -Wall -std=c++0x -D_FORCE_INLINES -fPIC -fpermissive -fno-strict-aliasing -O3 -fPIC -fvisibility=hidden -flto -fno-fat-lto-objects -MD -MT CMakeFiles/pyflex.dir/imgui.cpp.o -MF CMakeFiles/pyflex.dir/imgui.cpp.o.d -o CMakeFiles/pyflex.dir/imgui.cpp.o -c /workspace/softgym/PyFlex/bindings/imgui.cpp
[ 15%] Building CXX object CMakeFiles/pyflex.dir/shadersDemoContext.cpp.o
/usr/bin/g++ -Dpyflex_EXPORTS -I/workspace/softgym/PyFlex -I/workspace/softgym/PyFlex/lib/linux64 -I/workspace/softgym/PyFlex/bindings -I/workspace/softgym/PyFlex/external/SDL2-2.0.4/lib/x64 -isystem /home/ldt530/miniconda/envs/softgym/lib/python3.8/site-packages/pybind11/include -isystem /home/ldt530/miniconda/envs/softgym/include/python3.8 -fvisibility-inlines-hidden -std=c++17 -fmessage-length=0 -march=nocona -mtune=haswell -ftree-vectorize -fPIC -fstack-protector-strong -fno-plt -O2 -ffunction-sections -pipe -isystem /home/ldt530/miniconda/envs/softgym/include  -I/home/ldt530/miniconda/envs/softgym/targets/x86_64-linux/include  -L/home/ldt530/miniconda/envs/softgym/targets/x86_64-linux/lib -L/home/ldt530/miniconda/envs/softgym/targets/x86_64-linux/lib/stubs -g -MMD -m64 -Wall -std=c++0x -D_FORCE_INLINES -fPIC -fpermissive -fno-strict-aliasing -O3 -fPIC -fvisibility=hidden -flto -fno-fat-lto-objects -MD -MT CMakeFiles/pyflex.dir/shadersDemoContext.cpp.o -MF CMakeFiles/pyflex.dir/shadersDemoContext.cpp.o.d -o CMakeFiles/pyflex.dir/shadersDemoContext.cpp.o -c /workspace/softgym/PyFlex/bindings/shadersDemoContext.cpp
[ 21%] Building CXX object CMakeFiles/pyflex.dir/workspace/softgym/PyFlex/core/aabbtree.cpp.o
/usr/bin/g++ -Dpyflex_EXPORTS -I/workspace/softgym/PyFlex -I/workspace/softgym/PyFlex/lib/linux64 -I/workspace/softgym/PyFlex/bindings -I/workspace/softgym/PyFlex/external/SDL2-2.0.4/lib/x64 -isystem /home/ldt530/miniconda/envs/softgym/lib/python3.8/site-packages/pybind11/include -isystem /home/ldt530/miniconda/envs/softgym/include/python3.8 -fvisibility-inlines-hidden -std=c++17 -fmessage-length=0 -march=nocona -mtune=haswell -ftree-vectorize -fPIC -fstack-protector-strong -fno-plt -O2 -ffunction-sections -pipe -isystem /home/ldt530/miniconda/envs/softgym/include  -I/home/ldt530/miniconda/envs/softgym/targets/x86_64-linux/include  -L/home/ldt530/miniconda/envs/softgym/targets/x86_64-linux/lib -L/home/ldt530/miniconda/envs/softgym/targets/x86_64-linux/lib/stubs -g -MMD -m64 -Wall -std=c++0x -D_FORCE_INLINES -fPIC -fpermissive -fno-strict-aliasing -O3 -fPIC -fvisibility=hidden -flto -fno-fat-lto-objects -MD -MT CMakeFiles/pyflex.dir/workspace/softgym/PyFlex/core/aabbtree.cpp.o -MF CMakeFiles/pyflex.dir/workspace/softgym/PyFlex/core/aabbtree.cpp.o.d -o CMakeFiles/pyflex.dir/workspace/softgym/PyFlex/core/aabbtree.cpp.o -c /workspace/softgym/PyFlex/core/aabbtree.cpp
In file included from /usr/include/c++/7/cassert:44:0,
                 from /workspace/softgym/PyFlex/core/quat.h:30,
                 from /workspace/softgym/PyFlex/core/maths.h:241,
                 from /workspace/softgym/PyFlex/core/aabbtree.h:31,
                 from /workspace/softgym/PyFlex/core/aabbtree.cpp:28:
/workspace/softgym/PyFlex/core/aabbtree.cpp: In member function 'void AABBTree::Build()':
/workspace/softgym/PyFlex/core/aabbtree.cpp:136:22: warning: '*' in boolean context, suggest '&&' instead [-Wint-in-bool-context]
     assert(m_numFaces*3);
            ~~~~~~~~~~^~
[ 26%] Building CXX object CMakeFiles/pyflex.dir/workspace/softgym/PyFlex/core/core.cpp.o
/usr/bin/g++ -Dpyflex_EXPORTS -I/workspace/softgym/PyFlex -I/workspace/softgym/PyFlex/lib/linux64 -I/workspace/softgym/PyFlex/bindings -I/workspace/softgym/PyFlex/external/SDL2-2.0.4/lib/x64 -isystem /home/ldt530/miniconda/envs/softgym/lib/python3.8/site-packages/pybind11/include -isystem /home/ldt530/miniconda/envs/softgym/include/python3.8 -fvisibility-inlines-hidden -std=c++17 -fmessage-length=0 -march=nocona -mtune=haswell -ftree-vectorize -fPIC -fstack-protector-strong -fno-plt -O2 -ffunction-sections -pipe -isystem /home/ldt530/miniconda/envs/softgym/include  -I/home/ldt530/miniconda/envs/softgym/targets/x86_64-linux/include  -L/home/ldt530/miniconda/envs/softgym/targets/x86_64-linux/lib -L/home/ldt530/miniconda/envs/softgym/targets/x86_64-linux/lib/stubs -g -MMD -m64 -Wall -std=c++0x -D_FORCE_INLINES -fPIC -fpermissive -fno-strict-aliasing -O3 -fPIC -fvisibility=hidden -flto -fno-fat-lto-objects -MD -MT CMakeFiles/pyflex.dir/workspace/softgym/PyFlex/core/core.cpp.o -MF CMakeFiles/pyflex.dir/workspace/softgym/PyFlex/core/core.cpp.o.d -o CMakeFiles/pyflex.dir/workspace/softgym/PyFlex/core/core.cpp.o -c /workspace/softgym/PyFlex/core/core.cpp
[ 31%] Building CXX object CMakeFiles/pyflex.dir/workspace/softgym/PyFlex/core/extrude.cpp.o
/usr/bin/g++ -Dpyflex_EXPORTS -I/workspace/softgym/PyFlex -I/workspace/softgym/PyFlex/lib/linux64 -I/workspace/softgym/PyFlex/bindings -I/workspace/softgym/PyFlex/external/SDL2-2.0.4/lib/x64 -isystem /home/ldt530/miniconda/envs/softgym/lib/python3.8/site-packages/pybind11/include -isystem /home/ldt530/miniconda/envs/softgym/include/python3.8 -fvisibility-inlines-hidden -std=c++17 -fmessage-length=0 -march=nocona -mtune=haswell -ftree-vectorize -fPIC -fstack-protector-strong -fno-plt -O2 -ffunction-sections -pipe -isystem /home/ldt530/miniconda/envs/softgym/include  -I/home/ldt530/miniconda/envs/softgym/targets/x86_64-linux/include  -L/home/ldt530/miniconda/envs/softgym/targets/x86_64-linux/lib -L/home/ldt530/miniconda/envs/softgym/targets/x86_64-linux/lib/stubs -g -MMD -m64 -Wall -std=c++0x -D_FORCE_INLINES -fPIC -fpermissive -fno-strict-aliasing -O3 -fPIC -fvisibility=hidden -flto -fno-fat-lto-objects -MD -MT CMakeFiles/pyflex.dir/workspace/softgym/PyFlex/core/extrude.cpp.o -MF CMakeFiles/pyflex.dir/workspace/softgym/PyFlex/core/extrude.cpp.o.d -o CMakeFiles/pyflex.dir/workspace/softgym/PyFlex/core/extrude.cpp.o -c /workspace/softgym/PyFlex/core/extrude.cpp
[ 36%] Building CXX object CMakeFiles/pyflex.dir/workspace/softgym/PyFlex/core/maths.cpp.o
/usr/bin/g++ -Dpyflex_EXPORTS -I/workspace/softgym/PyFlex -I/workspace/softgym/PyFlex/lib/linux64 -I/workspace/softgym/PyFlex/bindings -I/workspace/softgym/PyFlex/external/SDL2-2.0.4/lib/x64 -isystem /home/ldt530/miniconda/envs/softgym/lib/python3.8/site-packages/pybind11/include -isystem /home/ldt530/miniconda/envs/softgym/include/python3.8 -fvisibility-inlines-hidden -std=c++17 -fmessage-length=0 -march=nocona -mtune=haswell -ftree-vectorize -fPIC -fstack-protector-strong -fno-plt -O2 -ffunction-sections -pipe -isystem /home/ldt530/miniconda/envs/softgym/include  -I/home/ldt530/miniconda/envs/softgym/targets/x86_64-linux/include  -L/home/ldt530/miniconda/envs/softgym/targets/x86_64-linux/lib -L/home/ldt530/miniconda/envs/softgym/targets/x86_64-linux/lib/stubs -g -MMD -m64 -Wall -std=c++0x -D_FORCE_INLINES -fPIC -fpermissive -fno-strict-aliasing -O3 -fPIC -fvisibility=hidden -flto -fno-fat-lto-objects -MD -MT CMakeFiles/pyflex.dir/workspace/softgym/PyFlex/core/maths.cpp.o -MF CMakeFiles/pyflex.dir/workspace/softgym/PyFlex/core/maths.cpp.o.d -o CMakeFiles/pyflex.dir/workspace/softgym/PyFlex/core/maths.cpp.o -c /workspace/softgym/PyFlex/core/maths.cpp
[ 42%] Building CXX object CMakeFiles/pyflex.dir/workspace/softgym/PyFlex/core/mesh.cpp.o
/usr/bin/g++ -Dpyflex_EXPORTS -I/workspace/softgym/PyFlex -I/workspace/softgym/PyFlex/lib/linux64 -I/workspace/softgym/PyFlex/bindings -I/workspace/softgym/PyFlex/external/SDL2-2.0.4/lib/x64 -isystem /home/ldt530/miniconda/envs/softgym/lib/python3.8/site-packages/pybind11/include -isystem /home/ldt530/miniconda/envs/softgym/include/python3.8 -fvisibility-inlines-hidden -std=c++17 -fmessage-length=0 -march=nocona -mtune=haswell -ftree-vectorize -fPIC -fstack-protector-strong -fno-plt -O2 -ffunction-sections -pipe -isystem /home/ldt530/miniconda/envs/softgym/include  -I/home/ldt530/miniconda/envs/softgym/targets/x86_64-linux/include  -L/home/ldt530/miniconda/envs/softgym/targets/x86_64-linux/lib -L/home/ldt530/miniconda/envs/softgym/targets/x86_64-linux/lib/stubs -g -MMD -m64 -Wall -std=c++0x -D_FORCE_INLINES -fPIC -fpermissive -fno-strict-aliasing -O3 -fPIC -fvisibility=hidden -flto -fno-fat-lto-objects -MD -MT CMakeFiles/pyflex.dir/workspace/softgym/PyFlex/core/mesh.cpp.o -MF CMakeFiles/pyflex.dir/workspace/softgym/PyFlex/core/mesh.cpp.o.d -o CMakeFiles/pyflex.dir/workspace/softgym/PyFlex/core/mesh.cpp.o -c /workspace/softgym/PyFlex/core/mesh.cpp
/workspace/softgym/PyFlex/core/mesh.cpp: In function 'void ExportToObj(const char*, const Mesh&)':
/workspace/softgym/PyFlex/core/mesh.cpp:611:5: warning: this 'if' clause does not guard... [-Wmisleading-indentation]
     if (!file)
     ^~
/workspace/softgym/PyFlex/core/mesh.cpp:614:2: note: ...this statement, but the latter is misleadingly indented as if it were guarded by the 'if'
  file << "# positions" << endl;
  ^~~~
[ 47%] Building CXX object CMakeFiles/pyflex.dir/workspace/softgym/PyFlex/core/perlin.cpp.o
/usr/bin/g++ -Dpyflex_EXPORTS -I/workspace/softgym/PyFlex -I/workspace/softgym/PyFlex/lib/linux64 -I/workspace/softgym/PyFlex/bindings -I/workspace/softgym/PyFlex/external/SDL2-2.0.4/lib/x64 -isystem /home/ldt530/miniconda/envs/softgym/lib/python3.8/site-packages/pybind11/include -isystem /home/ldt530/miniconda/envs/softgym/include/python3.8 -fvisibility-inlines-hidden -std=c++17 -fmessage-length=0 -march=nocona -mtune=haswell -ftree-vectorize -fPIC -fstack-protector-strong -fno-plt -O2 -ffunction-sections -pipe -isystem /home/ldt530/miniconda/envs/softgym/include  -I/home/ldt530/miniconda/envs/softgym/targets/x86_64-linux/include  -L/home/ldt530/miniconda/envs/softgym/targets/x86_64-linux/lib -L/home/ldt530/miniconda/envs/softgym/targets/x86_64-linux/lib/stubs -g -MMD -m64 -Wall -std=c++0x -D_FORCE_INLINES -fPIC -fpermissive -fno-strict-aliasing -O3 -fPIC -fvisibility=hidden -flto -fno-fat-lto-objects -MD -MT CMakeFiles/pyflex.dir/workspace/softgym/PyFlex/core/perlin.cpp.o -MF CMakeFiles/pyflex.dir/workspace/softgym/PyFlex/core/perlin.cpp.o.d -o CMakeFiles/pyflex.dir/workspace/softgym/PyFlex/core/perlin.cpp.o -c /workspace/softgym/PyFlex/core/perlin.cpp
[ 52%] Building CXX object CMakeFiles/pyflex.dir/workspace/softgym/PyFlex/core/pfm.cpp.o
/usr/bin/g++ -Dpyflex_EXPORTS -I/workspace/softgym/PyFlex -I/workspace/softgym/PyFlex/lib/linux64 -I/workspace/softgym/PyFlex/bindings -I/workspace/softgym/PyFlex/external/SDL2-2.0.4/lib/x64 -isystem /home/ldt530/miniconda/envs/softgym/lib/python3.8/site-packages/pybind11/include -isystem /home/ldt530/miniconda/envs/softgym/include/python3.8 -fvisibility-inlines-hidden -std=c++17 -fmessage-length=0 -march=nocona -mtune=haswell -ftree-vectorize -fPIC -fstack-protector-strong -fno-plt -O2 -ffunction-sections -pipe -isystem /home/ldt530/miniconda/envs/softgym/include  -I/home/ldt530/miniconda/envs/softgym/targets/x86_64-linux/include  -L/home/ldt530/miniconda/envs/softgym/targets/x86_64-linux/lib -L/home/ldt530/miniconda/envs/softgym/targets/x86_64-linux/lib/stubs -g -MMD -m64 -Wall -std=c++0x -D_FORCE_INLINES -fPIC -fpermissive -fno-strict-aliasing -O3 -fPIC -fvisibility=hidden -flto -fno-fat-lto-objects -MD -MT CMakeFiles/pyflex.dir/workspace/softgym/PyFlex/core/pfm.cpp.o -MF CMakeFiles/pyflex.dir/workspace/softgym/PyFlex/core/pfm.cpp.o.d -o CMakeFiles/pyflex.dir/workspace/softgym/PyFlex/core/pfm.cpp.o -c /workspace/softgym/PyFlex/core/pfm.cpp
[ 57%] Building CXX object CMakeFiles/pyflex.dir/workspace/softgym/PyFlex/core/platform.cpp.o
/usr/bin/g++ -Dpyflex_EXPORTS -I/workspace/softgym/PyFlex -I/workspace/softgym/PyFlex/lib/linux64 -I/workspace/softgym/PyFlex/bindings -I/workspace/softgym/PyFlex/external/SDL2-2.0.4/lib/x64 -isystem /home/ldt530/miniconda/envs/softgym/lib/python3.8/site-packages/pybind11/include -isystem /home/ldt530/miniconda/envs/softgym/include/python3.8 -fvisibility-inlines-hidden -std=c++17 -fmessage-length=0 -march=nocona -mtune=haswell -ftree-vectorize -fPIC -fstack-protector-strong -fno-plt -O2 -ffunction-sections -pipe -isystem /home/ldt530/miniconda/envs/softgym/include  -I/home/ldt530/miniconda/envs/softgym/targets/x86_64-linux/include  -L/home/ldt530/miniconda/envs/softgym/targets/x86_64-linux/lib -L/home/ldt530/miniconda/envs/softgym/targets/x86_64-linux/lib/stubs -g -MMD -m64 -Wall -std=c++0x -D_FORCE_INLINES -fPIC -fpermissive -fno-strict-aliasing -O3 -fPIC -fvisibility=hidden -flto -fno-fat-lto-objects -MD -MT CMakeFiles/pyflex.dir/workspace/softgym/PyFlex/core/platform.cpp.o -MF CMakeFiles/pyflex.dir/workspace/softgym/PyFlex/core/platform.cpp.o.d -o CMakeFiles/pyflex.dir/workspace/softgym/PyFlex/core/platform.cpp.o -c /workspace/softgym/PyFlex/core/platform.cpp
[ 63%] Building CXX object CMakeFiles/pyflex.dir/workspace/softgym/PyFlex/core/png.cpp.o
/usr/bin/g++ -Dpyflex_EXPORTS -I/workspace/softgym/PyFlex -I/workspace/softgym/PyFlex/lib/linux64 -I/workspace/softgym/PyFlex/bindings -I/workspace/softgym/PyFlex/external/SDL2-2.0.4/lib/x64 -isystem /home/ldt530/miniconda/envs/softgym/lib/python3.8/site-packages/pybind11/include -isystem /home/ldt530/miniconda/envs/softgym/include/python3.8 -fvisibility-inlines-hidden -std=c++17 -fmessage-length=0 -march=nocona -mtune=haswell -ftree-vectorize -fPIC -fstack-protector-strong -fno-plt -O2 -ffunction-sections -pipe -isystem /home/ldt530/miniconda/envs/softgym/include  -I/home/ldt530/miniconda/envs/softgym/targets/x86_64-linux/include  -L/home/ldt530/miniconda/envs/softgym/targets/x86_64-linux/lib -L/home/ldt530/miniconda/envs/softgym/targets/x86_64-linux/lib/stubs -g -MMD -m64 -Wall -std=c++0x -D_FORCE_INLINES -fPIC -fpermissive -fno-strict-aliasing -O3 -fPIC -fvisibility=hidden -flto -fno-fat-lto-objects -MD -MT CMakeFiles/pyflex.dir/workspace/softgym/PyFlex/core/png.cpp.o -MF CMakeFiles/pyflex.dir/workspace/softgym/PyFlex/core/png.cpp.o.d -o CMakeFiles/pyflex.dir/workspace/softgym/PyFlex/core/png.cpp.o -c /workspace/softgym/PyFlex/core/png.cpp
[ 68%] Building CXX object CMakeFiles/pyflex.dir/workspace/softgym/PyFlex/core/sdf.cpp.o
/usr/bin/g++ -Dpyflex_EXPORTS -I/workspace/softgym/PyFlex -I/workspace/softgym/PyFlex/lib/linux64 -I/workspace/softgym/PyFlex/bindings -I/workspace/softgym/PyFlex/external/SDL2-2.0.4/lib/x64 -isystem /home/ldt530/miniconda/envs/softgym/lib/python3.8/site-packages/pybind11/include -isystem /home/ldt530/miniconda/envs/softgym/include/python3.8 -fvisibility-inlines-hidden -std=c++17 -fmessage-length=0 -march=nocona -mtune=haswell -ftree-vectorize -fPIC -fstack-protector-strong -fno-plt -O2 -ffunction-sections -pipe -isystem /home/ldt530/miniconda/envs/softgym/include  -I/home/ldt530/miniconda/envs/softgym/targets/x86_64-linux/include  -L/home/ldt530/miniconda/envs/softgym/targets/x86_64-linux/lib -L/home/ldt530/miniconda/envs/softgym/targets/x86_64-linux/lib/stubs -g -MMD -m64 -Wall -std=c++0x -D_FORCE_INLINES -fPIC -fpermissive -fno-strict-aliasing -O3 -fPIC -fvisibility=hidden -flto -fno-fat-lto-objects -MD -MT CMakeFiles/pyflex.dir/workspace/softgym/PyFlex/core/sdf.cpp.o -MF CMakeFiles/pyflex.dir/workspace/softgym/PyFlex/core/sdf.cpp.o.d -o CMakeFiles/pyflex.dir/workspace/softgym/PyFlex/core/sdf.cpp.o -c /workspace/softgym/PyFlex/core/sdf.cpp
[ 73%] Building CXX object CMakeFiles/pyflex.dir/workspace/softgym/PyFlex/core/tga.cpp.o
/usr/bin/g++ -Dpyflex_EXPORTS -I/workspace/softgym/PyFlex -I/workspace/softgym/PyFlex/lib/linux64 -I/workspace/softgym/PyFlex/bindings -I/workspace/softgym/PyFlex/external/SDL2-2.0.4/lib/x64 -isystem /home/ldt530/miniconda/envs/softgym/lib/python3.8/site-packages/pybind11/include -isystem /home/ldt530/miniconda/envs/softgym/include/python3.8 -fvisibility-inlines-hidden -std=c++17 -fmessage-length=0 -march=nocona -mtune=haswell -ftree-vectorize -fPIC -fstack-protector-strong -fno-plt -O2 -ffunction-sections -pipe -isystem /home/ldt530/miniconda/envs/softgym/include  -I/home/ldt530/miniconda/envs/softgym/targets/x86_64-linux/include  -L/home/ldt530/miniconda/envs/softgym/targets/x86_64-linux/lib -L/home/ldt530/miniconda/envs/softgym/targets/x86_64-linux/lib/stubs -g -MMD -m64 -Wall -std=c++0x -D_FORCE_INLINES -fPIC -fpermissive -fno-strict-aliasing -O3 -fPIC -fvisibility=hidden -flto -fno-fat-lto-objects -MD -MT CMakeFiles/pyflex.dir/workspace/softgym/PyFlex/core/tga.cpp.o -MF CMakeFiles/pyflex.dir/workspace/softgym/PyFlex/core/tga.cpp.o.d -o CMakeFiles/pyflex.dir/workspace/softgym/PyFlex/core/tga.cpp.o -c /workspace/softgym/PyFlex/core/tga.cpp
[ 78%] Building CXX object CMakeFiles/pyflex.dir/workspace/softgym/PyFlex/core/voxelize.cpp.o
/usr/bin/g++ -Dpyflex_EXPORTS -I/workspace/softgym/PyFlex -I/workspace/softgym/PyFlex/lib/linux64 -I/workspace/softgym/PyFlex/bindings -I/workspace/softgym/PyFlex/external/SDL2-2.0.4/lib/x64 -isystem /home/ldt530/miniconda/envs/softgym/lib/python3.8/site-packages/pybind11/include -isystem /home/ldt530/miniconda/envs/softgym/include/python3.8 -fvisibility-inlines-hidden -std=c++17 -fmessage-length=0 -march=nocona -mtune=haswell -ftree-vectorize -fPIC -fstack-protector-strong -fno-plt -O2 -ffunction-sections -pipe -isystem /home/ldt530/miniconda/envs/softgym/include  -I/home/ldt530/miniconda/envs/softgym/targets/x86_64-linux/include  -L/home/ldt530/miniconda/envs/softgym/targets/x86_64-linux/lib -L/home/ldt530/miniconda/envs/softgym/targets/x86_64-linux/lib/stubs -g -MMD -m64 -Wall -std=c++0x -D_FORCE_INLINES -fPIC -fpermissive -fno-strict-aliasing -O3 -fPIC -fvisibility=hidden -flto -fno-fat-lto-objects -MD -MT CMakeFiles/pyflex.dir/workspace/softgym/PyFlex/core/voxelize.cpp.o -MF CMakeFiles/pyflex.dir/workspace/softgym/PyFlex/core/voxelize.cpp.o.d -o CMakeFiles/pyflex.dir/workspace/softgym/PyFlex/core/voxelize.cpp.o -c /workspace/softgym/PyFlex/core/voxelize.cpp
[ 84%] Building CXX object CMakeFiles/pyflex.dir/opengl/imguiRenderGL.cpp.o
/usr/bin/g++ -Dpyflex_EXPORTS -I/workspace/softgym/PyFlex -I/workspace/softgym/PyFlex/lib/linux64 -I/workspace/softgym/PyFlex/bindings -I/workspace/softgym/PyFlex/external/SDL2-2.0.4/lib/x64 -isystem /home/ldt530/miniconda/envs/softgym/lib/python3.8/site-packages/pybind11/include -isystem /home/ldt530/miniconda/envs/softgym/include/python3.8 -fvisibility-inlines-hidden -std=c++17 -fmessage-length=0 -march=nocona -mtune=haswell -ftree-vectorize -fPIC -fstack-protector-strong -fno-plt -O2 -ffunction-sections -pipe -isystem /home/ldt530/miniconda/envs/softgym/include  -I/home/ldt530/miniconda/envs/softgym/targets/x86_64-linux/include  -L/home/ldt530/miniconda/envs/softgym/targets/x86_64-linux/lib -L/home/ldt530/miniconda/envs/softgym/targets/x86_64-linux/lib/stubs -g -MMD -m64 -Wall -std=c++0x -D_FORCE_INLINES -fPIC -fpermissive -fno-strict-aliasing -O3 -fPIC -fvisibility=hidden -flto -fno-fat-lto-objects -MD -MT CMakeFiles/pyflex.dir/opengl/imguiRenderGL.cpp.o -MF CMakeFiles/pyflex.dir/opengl/imguiRenderGL.cpp.o.d -o CMakeFiles/pyflex.dir/opengl/imguiRenderGL.cpp.o -c /workspace/softgym/PyFlex/bindings/opengl/imguiRenderGL.cpp
[ 89%] Building CXX object CMakeFiles/pyflex.dir/opengl/shader.cpp.o
/usr/bin/g++ -Dpyflex_EXPORTS -I/workspace/softgym/PyFlex -I/workspace/softgym/PyFlex/lib/linux64 -I/workspace/softgym/PyFlex/bindings -I/workspace/softgym/PyFlex/external/SDL2-2.0.4/lib/x64 -isystem /home/ldt530/miniconda/envs/softgym/lib/python3.8/site-packages/pybind11/include -isystem /home/ldt530/miniconda/envs/softgym/include/python3.8 -fvisibility-inlines-hidden -std=c++17 -fmessage-length=0 -march=nocona -mtune=haswell -ftree-vectorize -fPIC -fstack-protector-strong -fno-plt -O2 -ffunction-sections -pipe -isystem /home/ldt530/miniconda/envs/softgym/include  -I/home/ldt530/miniconda/envs/softgym/targets/x86_64-linux/include  -L/home/ldt530/miniconda/envs/softgym/targets/x86_64-linux/lib -L/home/ldt530/miniconda/envs/softgym/targets/x86_64-linux/lib/stubs -g -MMD -m64 -Wall -std=c++0x -D_FORCE_INLINES -fPIC -fpermissive -fno-strict-aliasing -O3 -fPIC -fvisibility=hidden -flto -fno-fat-lto-objects -MD -MT CMakeFiles/pyflex.dir/opengl/shader.cpp.o -MF CMakeFiles/pyflex.dir/opengl/shader.cpp.o.d -o CMakeFiles/pyflex.dir/opengl/shader.cpp.o -c /workspace/softgym/PyFlex/bindings/opengl/shader.cpp
[ 94%] Building CXX object CMakeFiles/pyflex.dir/opengl/shadersGL.cpp.o
/usr/bin/g++ -Dpyflex_EXPORTS -I/workspace/softgym/PyFlex -I/workspace/softgym/PyFlex/lib/linux64 -I/workspace/softgym/PyFlex/bindings -I/workspace/softgym/PyFlex/external/SDL2-2.0.4/lib/x64 -isystem /home/ldt530/miniconda/envs/softgym/lib/python3.8/site-packages/pybind11/include -isystem /home/ldt530/miniconda/envs/softgym/include/python3.8 -fvisibility-inlines-hidden -std=c++17 -fmessage-length=0 -march=nocona -mtune=haswell -ftree-vectorize -fPIC -fstack-protector-strong -fno-plt -O2 -ffunction-sections -pipe -isystem /home/ldt530/miniconda/envs/softgym/include  -I/home/ldt530/miniconda/envs/softgym/targets/x86_64-linux/include  -L/home/ldt530/miniconda/envs/softgym/targets/x86_64-linux/lib -L/home/ldt530/miniconda/envs/softgym/targets/x86_64-linux/lib/stubs -g -MMD -m64 -Wall -std=c++0x -D_FORCE_INLINES -fPIC -fpermissive -fno-strict-aliasing -O3 -fPIC -fvisibility=hidden -flto -fno-fat-lto-objects -MD -MT CMakeFiles/pyflex.dir/opengl/shadersGL.cpp.o -MF CMakeFiles/pyflex.dir/opengl/shadersGL.cpp.o.d -o CMakeFiles/pyflex.dir/opengl/shadersGL.cpp.o -c /workspace/softgym/PyFlex/bindings/opengl/shadersGL.cpp
/workspace/softgym/PyFlex/bindings/opengl/shadersGL.cpp: In function 'GLuint LoadTexture(const char*)':
/workspace/softgym/PyFlex/bindings/opengl/shadersGL.cpp:212:16: warning: converting to non-pointer type 'GLuint {aka unsigned int}' from NULL [-Wconversion-null]
         return NULL;
                ^~~~
/workspace/softgym/PyFlex/bindings/opengl/shadersGL.cpp: In function 'void InitRenderHeadless(const RenderInitOptions&, int, int)':
/workspace/softgym/PyFlex/bindings/opengl/shadersGL.cpp:3484:25: warning: invalid conversion from 'EGLConfig {aka void*}' to 'void**' [-fpermissive]
  g_eglConfig = configs[0];
                ~~~~~~~~~^
/workspace/softgym/PyFlex/bindings/opengl/shadersGL.cpp:3488:33: warning: invalid conversion from 'EGLContext {aka void*}' to 'void**' [-fpermissive]
  g_eglContext = eglCreateContext(
                 ~~~~~~~~~~~~~~~~^
           g_eglDisplay,
           ~~~~~~~~~~~~~          
           g_eglConfig,
           ~~~~~~~~~~~~           
           EGL_NO_CONTEXT,
           ~~~~~~~~~~~~~~~        
           NULL);
           ~~~~~                  
/workspace/softgym/PyFlex/bindings/opengl/shadersGL.cpp:3496:40: warning: invalid conversion from 'EGLSurface {aka void*}' to 'void**' [-fpermissive]
  g_eglSurface = eglCreatePbufferSurface(g_eglDisplay, g_eglConfig,
                 ~~~~~~~~~~~~~~~~~~~~~~~^~~~~~~~~~~~~~~~~~~~~~~~~~~
            eglPBAttribs);
            ~~~~~~~~~~~~~                
/workspace/softgym/PyFlex/bindings/opengl/shadersGL.cpp: At global scope:
/workspace/softgym/PyFlex/bindings/opengl/shadersGL.cpp:248:13: warning: '{anonymous}::g_eglDisplay' defined but not used [-Wunused-variable]
 EGLDisplay* g_eglDisplay;
             ^~~~~~~~~~~~
[100%] Linking CXX shared module pyflex.cpython-38-x86_64-linux-gnu.so
/opt/miniconda/envs/softgym/bin/cmake -E cmake_link_script CMakeFiles/pyflex.dir/link.txt --verbose=1
/usr/bin/g++ -fPIC -fvisibility-inlines-hidden -std=c++17 -fmessage-length=0 -march=nocona -mtune=haswell -ftree-vectorize -fPIC -fstack-protector-strong -fno-plt -O2 -ffunction-sections -pipe -isystem /home/ldt530/miniconda/envs/softgym/include  -I/home/ldt530/miniconda/envs/softgym/targets/x86_64-linux/include  -L/home/ldt530/miniconda/envs/softgym/targets/x86_64-linux/lib -L/home/ldt530/miniconda/envs/softgym/targets/x86_64-linux/lib/stubs -g -MMD -m64 -Wall -std=c++0x -D_FORCE_INLINES -fPIC -fpermissive -fno-strict-aliasing -O3 -flto -Wl,-O2 -Wl,--sort-common -Wl,--as-needed -Wl,-z,relro -Wl,-z,now -Wl,--disable-new-dtags -Wl,--gc-sections -Wl,-rpath,/home/ldt530/miniconda/envs/softgym/lib -Wl,-rpath-link,/home/ldt530/miniconda/envs/softgym/lib -L/home/ldt530/miniconda/envs/softgym/lib  -L/home/ldt530/miniconda/envs/softgym/targets/x86_64-linux/lib -L/home/ldt530/miniconda/envs/softgym/targets/x86_64-linux/lib/stubs -shared  -o pyflex.cpython-38-x86_64-linux-gnu.so CMakeFiles/pyflex.dir/pyflex.cpp.o CMakeFiles/pyflex.dir/imgui.cpp.o CMakeFiles/pyflex.dir/shadersDemoContext.cpp.o CMakeFiles/pyflex.dir/workspace/softgym/PyFlex/core/aabbtree.cpp.o CMakeFiles/pyflex.dir/workspace/softgym/PyFlex/core/core.cpp.o CMakeFiles/pyflex.dir/workspace/softgym/PyFlex/core/extrude.cpp.o CMakeFiles/pyflex.dir/workspace/softgym/PyFlex/core/maths.cpp.o CMakeFiles/pyflex.dir/workspace/softgym/PyFlex/core/mesh.cpp.o CMakeFiles/pyflex.dir/workspace/softgym/PyFlex/core/perlin.cpp.o CMakeFiles/pyflex.dir/workspace/softgym/PyFlex/core/pfm.cpp.o CMakeFiles/pyflex.dir/workspace/softgym/PyFlex/core/platform.cpp.o CMakeFiles/pyflex.dir/workspace/softgym/PyFlex/core/png.cpp.o CMakeFiles/pyflex.dir/workspace/softgym/PyFlex/core/sdf.cpp.o CMakeFiles/pyflex.dir/workspace/softgym/PyFlex/core/tga.cpp.o CMakeFiles/pyflex.dir/workspace/softgym/PyFlex/core/voxelize.cpp.o CMakeFiles/pyflex.dir/opengl/imguiRenderGL.cpp.o CMakeFiles/pyflex.dir/opengl/shader.cpp.o CMakeFiles/pyflex.dir/opengl/shadersGL.cpp.o  -Wl,-rpath,/workspace/softgym/PyFlex/external/SDL2-2.0.4/lib/x64:/home/ldt530/miniconda/envs/softgym/x86_64-conda-linux-gnu/sysroot/usr/lib -lEGL /workspace/softgym/PyFlex/lib/linux64/NvFlexExtReleaseCUDA_x64.a /workspace/softgym/PyFlex/lib/linux64/NvFlexReleaseCUDA_x64.a /workspace/softgym/PyFlex/external/SDL2-2.0.4/lib/x64/libSDL2-2.0.so.0.4.0 /workspace/softgym/PyFlex/external/SDL2-2.0.4/lib/x64/libSDL2.a /usr/local/cuda/lib64/libcudart_static.a -ldl /home/ldt530/miniconda/envs/softgym/x86_64-conda-linux-gnu/sysroot/usr/lib/librt.so -lpthread 
/usr/bin/strip /workspace/softgym/PyFlex/bindings/build/pyflex.cpython-38-x86_64-linux-gnu.so
make[2]: Leaving directory '/workspace/softgym/PyFlex/bindings/build'
[100%] Built target pyflex
make[1]: Leaving directory '/workspace/softgym/PyFlex/bindings/build'
/opt/miniconda/envs/softgym/bin/cmake -E cmake_progress_start /workspace/softgym/PyFlex/bindings/build/CMakeFiles 0
